// Jest Snapshot v1, https://goo.gl/fbAQLP

exports[`User should render correctly 1`] = `
<Modal
  autoFocus={true}
  backdrop={true}
  backdropTransition={
    Object {
      "mountOnEnter": true,
      "timeout": 150,
    }
  }
  centered={false}
  fade={true}
  isOpen={false}
  keyboard={true}
  modalTransition={
    Object {
      "timeout": 300,
    }
  }
  onClosed={[Function]}
  onOpened={[Function]}
  role="dialog"
  toggle={[MockFunction]}
  zIndex={1050}
>
  <ModalHeader
    charCode={215}
    closeAriaLabel="Close"
    tag="h5"
    wrapTag="div"
  >
    User details
  </ModalHeader>
  <ModalBody
    tag="div"
  >
    <ListGroup
      tag="ul"
    >
      <ListGroupItem
        tag="li"
      >
        username - 
        meghana
      </ListGroupItem>
      <ListGroupItem
        tag="li"
      >
        fullname - 
      </ListGroupItem>
      <ListGroupItem
        tag="li"
      >
        email - 
        meghana@mail.com
      </ListGroupItem>
      <ListGroupItem
        tag="li"
      >
        website - 
        meghana.dev
      </ListGroupItem>
      <ListGroupItem
        tag="li"
      >
        companyname - 
      </ListGroupItem>
    </ListGroup>
  </ModalBody>
  <ModalFooter
    aria-label="userFooter"
    tag="div"
  >
    <Button
      aria-labelledby="userFooter ok"
      color="primary"
      onClick={[MockFunction]}
      tabIndex={1}
      tag="button"
    >
      Ok
    </Button>
    <Button
      aria-labelledby="userFooter cancel"
      color="secondary"
      onClick={[MockFunction]}
      tabIndex={1}
      tag="button"
    >
      Cancel
    </Button>
  </ModalFooter>
</Modal>
`;
